// Jest Snapshot v1, https://goo.gl/fbAQLP

exports[`container should render a <Container /> 1`] = `
<div
  className="sc-bdVaJa ggIMlV"
/>
`;
